// Jest Snapshot v1, https://goo.gl/fbAQLP

exports[`Component: LiveSearch rendering LiveSearch Snapshot: should display the LiveSearch 1`] = `ShallowWrapper {}`;
