// Jest Snapshot v1, https://goo.gl/fbAQLP

exports[`AppHeader Rendering should match to snapshot 1`] = `ShallowWrapper {}`;
