// Jest Snapshot v1, https://goo.gl/fbAQLP

exports[`Component: App rendering should display the application 1`] = `ShallowWrapper {}`;
